[dotenv@17.2.3] injecting env (5) from .env.local -- tip: ΓÜÖ∩╕Å  enable debug logging with { debug: true }
GoogleGenerativeAIFetchError: [GoogleGenerativeAI Error]: Error fetching from https://generativelanguage.googleapis.com/v1beta/models/gemini-2.0-flash-exp-image-generation:generateContent: [429 Too Many Requests] You exceeded your current quota, please check your plan and billing details. For more information on this error, head to: https://ai.google.dev/gemini-api/docs/rate-limits. To monitor your current usage, head to: https://ai.dev/rate-limit. 
* Quota exceeded for metric: generativelanguage.googleapis.com/generate_content_free_tier_requests, limit: 0, model: gemini-2.0-flash-exp
* Quota exceeded for metric: generativelanguage.googleapis.com/generate_content_free_tier_requests, limit: 0, model: gemini-2.0-flash-exp
* Quota exceeded for metric: generativelanguage.googleapis.com/generate_content_free_tier_input_token_count, limit: 0, model: gemini-2.0-flash-exp
Please retry in 50.666655899s. [{"@type":"type.googleapis.com/google.rpc.Help","links":[{"description":"Learn more about Gemini API quotas","url":"https://ai.google.dev/gemini-api/docs/rate-limits"}]},{"@type":"type.googleapis.com/google.rpc.QuotaFailure","violations":[{"quotaMetric":"generativelanguage.googleapis.com/generate_content_free_tier_requests","quotaId":"GenerateRequestsPerDayPerProjectPerModel-FreeTier","quotaDimensions":{"location":"global","model":"gemini-2.0-flash-exp"}},{"quotaMetric":"generativelanguage.googleapis.com/generate_content_free_tier_requests","quotaId":"GenerateRequestsPerMinutePerProjectPerModel-FreeTier","quotaDimensions":{"location":"global","model":"gemini-2.0-flash-exp"}},{"quotaMetric":"generativelanguage.googleapis.com/generate_content_free_tier_input_token_count","quotaId":"GenerateContentInputTokensPerModelPerMinute-FreeTier","quotaDimensions":{"location":"global","model":"gemini-2.0-flash-exp"}}]},{"@type":"type.googleapis.com/google.rpc.RetryInfo","retryDelay":"50s"}]
    at handleResponseNotOk (C:\Users\ushah\Downloads\sequence\web-portfolio\node_modules\@google\generative-ai\dist\index.js:434:11)
    at process.processTicksAndRejections (node:internal/process/task_queues:95:5)
    at async makeRequest (C:\Users\ushah\Downloads\sequence\web-portfolio\node_modules\@google\generative-ai\dist\index.js:403:9)
    at async generateContent (C:\Users\ushah\Downloads\sequence\web-portfolio\node_modules\@google\generative-ai\dist\index.js:867:22)
    at async test (C:\Users\ushah\Downloads\sequence\web-portfolio\scripts\test-image-gen.js:11:24) {
  status: 429,
  statusText: 'Too Many Requests',
  errorDetails: [
    { '@type': 'type.googleapis.com/google.rpc.Help', links: [Array] },
    {
      '@type': 'type.googleapis.com/google.rpc.QuotaFailure',
      violations: [Array]
    },
    {
      '@type': 'type.googleapis.com/google.rpc.RetryInfo',
      retryDelay: '50s'
    }
  ]
}
